// Vitest Snapshot v1, https://vitest.dev/guide/snapshot.html

exports[`ast 1 1`] = `
{
  "children": [
    {
      "children": [
        {
          "children": [
            {
              "children": [],
              "data": {
                "value": "document",
              },
              "name": "name",
            },
          ],
          "data": {
            "operator": "pattern",
          },
          "name": "operator",
        },
        {
          "children": [],
          "data": {
            "value": "
        1abc2
        pqr3stu8vwx
        a1b2c3d4e5f
        treb7uchet
      ",
          },
          "name": "string",
        },
      ],
      "data": {
        "operator": ":=",
      },
      "name": "operator",
    },
  ],
  "data": {},
  "name": "script",
}
`;
